---
source: tests/snapshots.rs
expression: json
---
{
  "api_version": "v1",
  "examples_markdown": "### Examples\n\n```json\n{ \"query\": \"TypeScript generics\" }\n```\n\n```json\n{ \"query\": \"OpenAI\", \"search_type\": \"news\", \"max_results\": 3 }\n```\n\n```json\n{ \"query\": \"Rust\", \"search_type\": \"images\", \"max_results\": 5, \"offset\": 10 }\n```\n\n```json\n{ \"query\": \"site:github.com mcpkit\", \"result_filter\": [\"web\", \"discussions\"] }\n```\n\n```json\n{ \"query\": \"Kubernetes\", \"country\": \"US\", \"search_language\": \"en\", \"ui_language\": \"en-US\" }\n```\n\n```json\n{ \"query\": \"AI regulation\", \"freshness\": \"1w\", \"safe_search\": \"moderate\" }\n```\n\n```json\n{ \"query\": \"websocket server\", \"debug\": true, \"include_request_url\": true, \"include_raw_payload\": true }\n```\n",
  "sections": {
    "errors": {
      "CANCELLED": "Tool request cancelled",
      "INTERNAL_ERROR": "Unexpected server failure",
      "INVALID_ARGUMENT": "Input schema/validation failure",
      "MISSING_API_KEY": "Missing BRAVE_SEARCH_API_KEY or BRAVE_API_KEY",
      "PARSE_ERROR": "Unexpected provider payload shape",
      "UPSTREAM_ERROR": "Brave API/network error"
    },
    "limits": {
      "cache_ttl_secs": 300,
      "default_max_bytes": 32768,
      "default_max_lines": 120,
      "max_max_bytes": 98304,
      "max_max_lines": 300,
      "min_max_bytes": 4096,
      "min_max_lines": 20,
      "retry": {
        "base_delay_ms": 250,
        "count": 3,
        "max_delay_ms": 5000,
        "per_attempt_timeout_ms": 15000
      },
      "throttle": {
        "burst": 4,
        "rate_per_sec": 2
      }
    },
    "parameters": {
      "country": "country code (e.g. US, DE, ALL)",
      "debug": "boolean",
      "disable_cache": "boolean (requires debug=true)",
      "disable_throttle": "boolean (requires debug=true)",
      "extra_snippets": "boolean (adaptive default enabled only when max_results <= 3)",
      "freshness": [
        "pd",
        "pw",
        "pm",
        "py",
        "1d",
        "1w",
        "1m",
        "1y"
      ],
      "include_raw_payload": "boolean (requires debug=true)",
      "include_request_url": "boolean (requires debug=true)",
      "max_bytes": "integer override with bounds",
      "max_lines": "integer override with bounds",
      "max_results": "integer 1..20 per section (default 5; web multi-section queries may return more total results)",
      "offset": "integer >= 0 (web/news/videos capped at 9; images capped at 50)",
      "query": "string (required)",
      "result_filter": [
        "web",
        "discussions",
        "videos",
        "news",
        "infobox"
      ],
      "safe_search": [
        "off",
        "moderate",
        "strict"
      ],
      "search_language": "language code (e.g. en, en-gb, de, pt-br)",
      "search_type": [
        "web",
        "news",
        "images",
        "videos"
      ],
      "spellcheck": "boolean",
      "text_decorations": "boolean (auto: true for news, false otherwise)",
      "ui_language": "UI language code (e.g. en-US, de-DE)",
      "units": [
        "metric",
        "imperial"
      ]
    }
  },
  "summary": "brave_web_search supports Brave web/news/images/videos search with structured JSON output.",
  "topic": "all"
}
