---
source: tests/snapshots.rs
assertion_line: 116
expression: json
---
{
  "api_version": "v1",
  "error": {
    "code": "INVALID_ARGUMENT",
    "details": {
      "field": "query"
    },
    "message": "query must not be empty"
  },
  "meta": {
    "provider": "brave",
    "server_version": "<version>",
    "trace_id": "<trace>"
  }
}
